[StrataOS] parallel compile jobs: 88
[StrataOS] source-aware build parameter audit passed for 95 packages
[StrataOS] package cached: host-ninja
[StrataOS] package cached: host-zlib
[StrataOS] package cached: host-zstd
[StrataOS] package cached: host-pkgconf
[StrataOS] package cached: host-expat
[StrataOS] package cached: host-wayland
[StrataOS] package cached: host-squashfs-tools
[StrataOS] package cached: host-e2fsprogs
[StrataOS] package cached: host-dosfstools
[StrataOS] package cached: host-mtools
[StrataOS] + /home/chainsx/strataos/output/toolchain/bin/x86_64-linux-musl-cc /home/chainsx/strataos/output/probes/build-systems/probe.c -pthread -o /home/chainsx/strataos/output/probes/build-systems/c-probe
[StrataOS] + /home/chainsx/strataos/output/toolchain/bin/x86_64-linux-musl-c++ /home/chainsx/strataos/output/probes/build-systems/probe.cpp -pthread -o /home/chainsx/strataos/output/probes/build-systems/cxx-probe
[StrataOS] + /home/chainsx/strataos/output/toolchain/bin/x86_64-linux-musl-cc -shared /home/chainsx/strataos/output/probes/build-systems/probe.c -pthread -o /home/chainsx/strataos/output/probes/build-systems/libc-probe.so
[StrataOS] + /home/chainsx/strataos/output/toolchain/bin/x86_64-linux-musl-c++ -shared /home/chainsx/strataos/output/probes/build-systems/probe.cpp -pthread -o /home/chainsx/strataos/output/probes/build-systems/libcxx-probe.so
[StrataOS] + /home/chainsx/strataos/output/toolchain/cmake/bin/cmake -S /home/chainsx/strataos/output/probes/build-systems/cmake-src -B /home/chainsx/strataos/output/probes/build-systems/cmake-build -G Ninja -DCMAKE_TOOLCHAIN_FILE=/home/chainsx/strataos/output/generated/cmake-toolchain.cmake
[StrataOS] + /home/chainsx/strataos/output/toolchain/cmake/bin/cmake --build /home/chainsx/strataos/output/probes/build-systems/cmake-build --parallel 88
[1/4] Building C object CMakeFiles/c_probe.dir/home/chainsx/strataos/output/probes/build-systems/probe.c.o
[2/4] Linking C executable c_probe
[3/4] Building CXX object CMakeFiles/cxx_probe.dir/home/chainsx/strataos/output/probes/build-systems/probe.cpp.o
[4/4] Linking CXX shared library libcxx_probe.so
[StrataOS] + /home/chainsx/strataos/output/host/bin/meson setup /home/chainsx/strataos/output/probes/build-systems/meson-build /home/chainsx/strataos/output/probes/build-systems/meson-src --cross-file=/home/chainsx/strataos/output/generated/meson-cross.ini --native-file=/home/chainsx/strataos/output/generated/meson-native.ini --wrap-mode=nodownload
The Meson build system
Version: 1.8.2
Source dir: /home/chainsx/strataos/output/probes/build-systems/meson-src
Build dir: /home/chainsx/strataos/output/probes/build-systems/meson-build
Build type: cross build
Project name: strata-probe
Project version: undefined
C compiler for the host machine: /home/chainsx/strataos/output/toolchain/bin/x86_64-linux-musl-cc (clang 22.1.8 "clang version 22.1.8 (https://github.com/llvm/llvm-project ca7933e47d3a3451d81e72ac174dcb5aa28b59d1)")
C linker for the host machine: /home/chainsx/strataos/output/toolchain/bin/x86_64-linux-musl-cc ld.lld 22.1.8
C++ compiler for the host machine: /home/chainsx/strataos/output/toolchain/bin/x86_64-linux-musl-c++ (clang 22.1.8 "clang version 22.1.8 (https://github.com/llvm/llvm-project ca7933e47d3a3451d81e72ac174dcb5aa28b59d1)")
C++ linker for the host machine: /home/chainsx/strataos/output/toolchain/bin/x86_64-linux-musl-c++ ld.lld 22.1.8
C compiler for the build machine: /home/chainsx/strataos/output/toolchain/llvm/bin/clang (clang 22.1.8 "clang version 22.1.8 (https://github.com/llvm/llvm-project ca7933e47d3a3451d81e72ac174dcb5aa28b59d1)")
C linker for the build machine: /home/chainsx/strataos/output/toolchain/llvm/bin/clang ld.lld 22.1.8
C++ compiler for the build machine: /home/chainsx/strataos/output/toolchain/llvm/bin/clang++ (clang 22.1.8 "clang version 22.1.8 (https://github.com/llvm/llvm-project ca7933e47d3a3451d81e72ac174dcb5aa28b59d1)")
C++ linker for the build machine: /home/chainsx/strataos/output/toolchain/llvm/bin/clang++ ld.lld 22.1.8
Build machine cpu family: x86_64
Build machine cpu: x86_64
Host machine cpu family: x86_64
Host machine cpu: x86_64
Target machine cpu family: x86_64
Target machine cpu: x86_64
Run-time dependency threads found: YES
Build targets in project: 2

strata-probe undefined

  User defined options
    Cross files : /home/chainsx/strataos/output/generated/meson-cross.ini
    Native files: /home/chainsx/strataos/output/generated/meson-native.ini
    wrap_mode   : nodownload

Found ninja-1.13.1 at /home/chainsx/strataos/output/host/bin/ninja
[StrataOS] + /home/chainsx/strataos/output/host/bin/ninja -C /home/chainsx/strataos/output/probes/build-systems/meson-build -j88
ninja: Entering directory `/home/chainsx/strataos/output/probes/build-systems/meson-build'
[1/4] Compiling C object c-probe.p/.._probe.c.o
[2/4] Linking target c-probe
[3/4] Compiling C++ object libcxx-probe.so.p/.._probe.cpp.o
[4/4] Linking target libcxx-probe.so
[StrataOS] ELF audit: 6 target files checked under /home/chainsx/strataos/output/probes/build-systems/target-artifacts
[StrataOS] compiler, CMake and Meson target probes passed
[StrataOS] package cached: docker-static
[StrataOS] package cached: zlib
[StrataOS] package cached: sqlite
[StrataOS] package cached: libyaml
[StrataOS] package cached: libgpg-error
[StrataOS] package cached: libassuan
[StrataOS] package cached: gpgme
[StrataOS] package cached: libgcrypt
[StrataOS] package cached: libksba
[StrataOS] package cached: npth
[StrataOS] package cached: bzip2
[StrataOS] package cached: host-ncurses
[StrataOS] package cached: ncurses
[StrataOS] package cached: readline
[StrataOS] package cached: gnupg
[StrataOS] package cached: fuse3
[StrataOS] package cached: libseccomp
[StrataOS] package cached: libcap
[StrataOS] package cached: bubblewrap
[StrataOS] package cached: libffi
[StrataOS] package cached: pcre2
[StrataOS] package cached: glib
[StrataOS] package cached: xdg-dbus-proxy
[StrataOS] package cached: json-glib
[StrataOS] package cached: xz
[StrataOS] package cached: libxml2
[StrataOS] package cached: zstd
[StrataOS] package cached: libxmlb
[StrataOS] package cached: openssl
[StrataOS] package cached: ca-certificates
[StrataOS] package cached: curl
[StrataOS] package cached: appstream
[StrataOS] package cached: libarchive
[StrataOS] package cached: util-linux
[StrataOS] package cached: e2fsprogs
[StrataOS] package cached: libostree
[StrataOS] package cached: nghttp2
[StrataOS] package cached: libpsl
[StrataOS] package cached: libsoup
[StrataOS] package cached: expat
[StrataOS] package cached: dbus
[StrataOS] package cached: gdk-pixbuf
[StrataOS] package cached: flatpak
[StrataOS] package cached: host-expat
[StrataOS] package cached: host-wayland
[StrataOS] package cached: wayland
[StrataOS] package cached: wayland-protocols
[StrataOS] package cached: pixman
[StrataOS] package cached: libdrm
[StrataOS] package cached: xkeyboard-config
[StrataOS] package cached: libxkbcommon
[StrataOS] package cached: wlroots
[StrataOS] package cached: cage
[StrataOS] package cached: aml
[StrataOS] package cached: gmp
[StrataOS] package cached: neatvnc
[StrataOS] package cached: jansson
[StrataOS] package cached: wayvnc
[StrataOS] package cached: noto-sans-cjk-sc
[StrataOS] package cached: musl-runtime
[StrataOS] package cached: llvm-runtime
[StrataOS] package cached: json-c
[StrataOS] package cached: popt
[StrataOS] package cached: argon2
[StrataOS] package cached: openrc
[StrataOS] package cached: coreutils
[StrataOS] package cached: busybox
[StrataOS] package cached: htop
[StrataOS] package cached: lsof
[StrataOS] package cached: iputils
[StrataOS] package cached: zsh
[StrataOS] package cached: shadow
[StrataOS] package cached: sudo
[StrataOS] package cached: dosfstools
[StrataOS] package cached: lvm2
[StrataOS] package cached: mdadm
[StrataOS] package cached: cryptsetup
[StrataOS] package cached: procps-ng
[StrataOS] package cached: libmnl
[StrataOS] package cached: iproute2
[StrataOS] package cached: dhcpcd
[StrataOS] package cached: openssh
[StrataOS] package cached: novnc
[StrataOS] package cached: libuv
[StrataOS] package cached: libwebsockets
[StrataOS] package cached: ttyd
[StrataOS] package cached: strata-webui
StrataOS build failed: component system-core misses runtime paths: sbin/nft
